// Jest Snapshot v1, https://goo.gl/fbAQLP

exports[`Layout should render correctly 1`] = `
<form
  acceptCharset={undefined}
  action={undefined}
  autoComplete={undefined}
  className="rjsf"
  encType={undefined}
  id={undefined}
  method={undefined}
  name={undefined}
  noValidate={false}
  onSubmit={[Function]}
  target={undefined}
>
  <div
    className="form-group field field-object"
  >
    <fieldset>
      <legend
        id="root__title"
      >
        Todo
      </legend>
      <div
        className="row"
      >
        <div
          className="col-md-6"
          style={Object {}}
        >
          <div
            className="form-group field field-string"
          >
            <label
              className="control-label"
              htmlFor="root_firstName"
            >
              First name
            </label>
            <div />
            <input
              autoFocus={false}
              className="form-control"
              disabled={false}
              id="root_firstName"
              label="First name"
              onBlur={[Function]}
              onChange={[Function]}
              onFocus={undefined}
              placeholder=""
              readOnly={false}
              required={false}
              type="text"
              value=""
            />
            <div />
            <div />
          </div>
        </div>
        <div
          className="col-md-6"
          style={Object {}}
        >
          <div
            className="form-group field field-string"
          >
            <label
              className="control-label"
              htmlFor="root_lastName"
            >
              Last name
            </label>
            <div />
            <input
              autoFocus={false}
              className="form-control"
              disabled={false}
              id="root_lastName"
              label="Last name"
              onBlur={[Function]}
              onChange={[Function]}
              onFocus={undefined}
              placeholder=""
              readOnly={false}
              required={false}
              type="text"
              value=""
            />
            <div />
            <div />
          </div>
        </div>
      </div>
      <div
        className="row"
      >
        <div
          className="col-md-12"
          style={Object {}}
        >
          <div
            className="form-group field field-string"
          >
            <label
              className="control-label"
              htmlFor="root_bio"
            >
              Bio
            </label>
            <div />
            <input
              autoFocus={false}
              className="form-control"
              disabled={false}
              id="root_bio"
              label="Bio"
              onBlur={[Function]}
              onChange={[Function]}
              onFocus={undefined}
              placeholder=""
              readOnly={false}
              required={false}
              type="text"
              value=""
            />
            <div />
            <div />
          </div>
        </div>
      </div>
      <div
        className="row"
      >
        <div
          className="col-md-6"
          style={Object {}}
        >
          <div
            className="form-group field field-integer"
          >
            <label
              className="control-label"
              htmlFor="root_age"
            >
              Age
            </label>
            <div />
            <input
              autoFocus={false}
              className="form-control"
              disabled={false}
              id="root_age"
              label="Age"
              onBlur={[Function]}
              onChange={[Function]}
              onFocus={undefined}
              placeholder=""
              readOnly={false}
              required={false}
              type="text"
              value=""
            />
            <div />
            <div />
          </div>
        </div>
        <div
          className="col-md-6"
          style={Object {}}
        >
          <div
            className="form-group field field-string"
          >
            <label
              className="control-label"
              htmlFor="root_password"
            >
              Password
            </label>
            <div />
            <input
              autoFocus={false}
              className="form-control"
              disabled={false}
              id="root_password"
              label="Password"
              onBlur={[Function]}
              onChange={[Function]}
              onFocus={undefined}
              placeholder=""
              readOnly={false}
              required={false}
              type="text"
              value=""
            />
            <div />
            <div />
          </div>
        </div>
      </div>
    </fieldset>
    <div />
    <div />
  </div>
  <p>
    <button
      className="btn btn-info"
      type="submit"
    >
      Submit
    </button>
  </p>
</form>
`;
